
Memory Configuration

Name             Origin             Length             Attributes
flash            0x0000000008000000 0x0000000000020000 xr
sram             0x0000000020000000 0x0000000000005000 xrw
*default*        0x0000000000000000 0xffffffffffffffff

Linker script and memory map


.text           0x0000000008000000      0x127
 *(.vectors*)
 .vectors       0x0000000008000000       0x14 startup.o
                0x0000000008000000                vectors
 *(.text*)
 .text          0x0000000008000014       0x80 main.o
                0x0000000008000014                main
 .text          0x0000000008000094       0x90 startup.o
                0x0000000008000094                Defult_Handler
                0x0000000008000094                MM_Fault_Handler
                0x0000000008000094                Usage_Fault_Handler
                0x0000000008000094                Bus_Fault
                0x0000000008000094                H_fault_Handler
                0x0000000008000094                NMI_Handler
                0x00000000080000a0                Reset_Handler
 *(.rodata)
 .rodata        0x0000000008000124        0x3 main.o
                0x0000000008000124                const_variables
                0x0000000008000127                _E_text = .

.glue_7         0x0000000008000128        0x0
 .glue_7        0x0000000008000128        0x0 linker stubs

.glue_7t        0x0000000008000128        0x0
 .glue_7t       0x0000000008000128        0x0 linker stubs

.vfp11_veneer   0x0000000008000128        0x0
 .vfp11_veneer  0x0000000008000128        0x0 linker stubs

.v4_bx          0x0000000008000128        0x0
 .v4_bx         0x0000000008000128        0x0 linker stubs

.iplt           0x0000000008000128        0x0
 .iplt          0x0000000008000128        0x0 main.o

.rel.dyn        0x0000000008000128        0x0
 .rel.iplt      0x0000000008000128        0x0 main.o

.data           0x0000000020000000        0x4 load address 0x0000000008000127
                0x0000000020000000                _S_DATA = .
 *(.data)
 .data          0x0000000020000000        0x3 main.o
                0x0000000020000000                g_variables
 .data          0x0000000020000003        0x0 startup.o
                0x0000000020000004                . = ALIGN (0x4)
 *fill*         0x0000000020000003        0x1 
                0x0000000020000004                _E_DATA = .

.igot.plt       0x0000000020000004        0x0 load address 0x000000000800012b
 .igot.plt      0x0000000020000004        0x0 main.o

.bss            0x0000000020000004     0x1000 load address 0x000000000800012b
                0x0000000020000004                _S_bss = .
 *(.bss*)
 .bss           0x0000000020000004        0x0 main.o
 .bss           0x0000000020000004        0x0 startup.o
                0x0000000020000004                _E_bss = .
                0x0000000020000004                . = ALIGN (0x4)
                0x0000000020001004                . = (. + 0x1000)
 *fill*         0x0000000020000004     0x1000 
                0x0000000020001004                _stack_top = .
LOAD main.o
LOAD startup.o
OUTPUT(lab2.elf elf32-littlearm)

.debug_info     0x0000000000000000      0x2ab
 .debug_info    0x0000000000000000      0x11b main.o
 .debug_info    0x000000000000011b      0x190 startup.o

.debug_abbrev   0x0000000000000000      0x174
 .debug_abbrev  0x0000000000000000       0x9e main.o
 .debug_abbrev  0x000000000000009e       0xd6 startup.o

.debug_loc      0x0000000000000000       0xb4
 .debug_loc     0x0000000000000000       0x38 main.o
 .debug_loc     0x0000000000000038       0x7c startup.o

.debug_aranges  0x0000000000000000       0x40
 .debug_aranges
                0x0000000000000000       0x20 main.o
 .debug_aranges
                0x0000000000000020       0x20 startup.o

.debug_line     0x0000000000000000      0x3d3
 .debug_line    0x0000000000000000      0x1e1 main.o
 .debug_line    0x00000000000001e1      0x1f2 startup.o

.debug_str      0x0000000000000000      0x18f
 .debug_str     0x0000000000000000      0x110 main.o
                                        0x14d (size before relaxing)
 .debug_str     0x0000000000000110       0x7f startup.o
                                        0x1a4 (size before relaxing)

.comment        0x0000000000000000       0x7b
 .comment       0x0000000000000000       0x7b main.o
                                         0x7c (size before relaxing)
 .comment       0x000000000000007b       0x7c startup.o

.ARM.attributes
                0x0000000000000000       0x33
 .ARM.attributes
                0x0000000000000000       0x33 main.o
 .ARM.attributes
                0x0000000000000033       0x33 startup.o

.debug_frame    0x0000000000000000       0x7c
 .debug_frame   0x0000000000000000       0x2c main.o
 .debug_frame   0x000000000000002c       0x50 startup.o
