
Memory Configuration

Name             Origin             Length             Attributes
flash            0x0000000000000000 0x0000000020000000 xr
sram             0x0000000020000000 0x0000000020000000 xrw
*default*        0x0000000000000000 0xffffffffffffffff

Linker script and memory map


.text           0x0000000000000000      0x150
 *(.vectors*)
 .vectors       0x0000000000000000       0x10 startup.o
                0x0000000000000000                g_p_fn_vectors
 *(.text*)
 .text          0x0000000000000010       0xb0 main.o
                0x0000000000000010                main
 .text          0x00000000000000c0       0x90 startup.o
                0x00000000000000c0                Defult_Handler
                0x00000000000000c0                H_fault_Handler
                0x00000000000000c0                NMI_Handler
                0x00000000000000cc                Reset_Handler
 *(.rodata)
                0x0000000000000150                _E_text = .

.glue_7         0x0000000000000150        0x0
 .glue_7        0x0000000000000150        0x0 linker stubs

.glue_7t        0x0000000000000150        0x0
 .glue_7t       0x0000000000000150        0x0 linker stubs

.vfp11_veneer   0x0000000000000150        0x0
 .vfp11_veneer  0x0000000000000150        0x0 linker stubs

.v4_bx          0x0000000000000150        0x0
 .v4_bx         0x0000000000000150        0x0 linker stubs

.iplt           0x0000000000000150        0x0
 .iplt          0x0000000000000150        0x0 main.o

.rel.dyn        0x0000000000000150        0x0
 .rel.iplt      0x0000000000000150        0x0 main.o

.data           0x0000000020000000        0x0 load address 0x0000000000000150
                0x0000000020000000                _S_DATA = .
 *(.data)
 .data          0x0000000020000000        0x0 main.o
 .data          0x0000000020000000        0x0 startup.o
                0x0000000020000000                . = ALIGN (0x4)
                0x0000000020000000                _E_DATA = .

.igot.plt       0x0000000020000000        0x0 load address 0x0000000000000150
 .igot.plt      0x0000000020000000        0x0 main.o

.bss            0x0000000020000000      0x400 load address 0x0000000000000150
                0x0000000020000000                _S_bss = .
 *(.bss*)
 .bss           0x0000000020000000        0x0 main.o
 .bss           0x0000000020000000      0x400 startup.o
                0x0000000020000400                _E_bss = .
LOAD main.o
LOAD startup.o
OUTPUT(lab3.elf elf32-littlearm)

.debug_info     0x0000000000000000      0x1f5
 .debug_info    0x0000000000000000       0x5a main.o
 .debug_info    0x000000000000005a      0x19b startup.o

.debug_abbrev   0x0000000000000000      0x122
 .debug_abbrev  0x0000000000000000       0x4d main.o
 .debug_abbrev  0x000000000000004d       0xd5 startup.o

.debug_loc      0x0000000000000000       0xb4
 .debug_loc     0x0000000000000000       0x38 main.o
 .debug_loc     0x0000000000000038       0x7c startup.o

.debug_aranges  0x0000000000000000       0x40
 .debug_aranges
                0x0000000000000000       0x20 main.o
 .debug_aranges
                0x0000000000000020       0x20 startup.o

.debug_line     0x0000000000000000       0xc8
 .debug_line    0x0000000000000000       0x61 main.o
 .debug_line    0x0000000000000061       0x67 startup.o

.debug_str      0x0000000000000000      0x179
 .debug_str     0x0000000000000000       0xa4 main.o
                                         0xb6 (size before relaxing)
 .debug_str     0x00000000000000a4       0xd5 startup.o
                                        0x199 (size before relaxing)

.comment        0x0000000000000000       0x7b
 .comment       0x0000000000000000       0x7b main.o
                                         0x7c (size before relaxing)
 .comment       0x000000000000007b       0x7c startup.o

.ARM.attributes
                0x0000000000000000       0x33
 .ARM.attributes
                0x0000000000000000       0x33 main.o
 .ARM.attributes
                0x0000000000000033       0x33 startup.o

.debug_frame    0x0000000000000000       0x7c
 .debug_frame   0x0000000000000000       0x2c main.o
 .debug_frame   0x000000000000002c       0x50 startup.o
